// Jest Snapshot v1, https://goo.gl/fbAQLP

exports[`RadioButton matches a snapshot 1`] = `
<ContextProvider
  value={
    Object {
      "body": "",
      "handleChange": [Function],
      "handleClick": [Function],
      "handleDelete": [Function],
      "handleSubmit": [Function],
      "loading": false,
      "method": "get",
      "requests": Array [],
      "results": null,
      "url": "",
    }
  }
>
  <RadioButton
    value="get"
  />
</ContextProvider>
`;
